// Vitest Snapshot v1

exports[`mount component 1`] = `
"<button data-v-19765ba3=\\"\\" class=\\"button rounded-none transition border-0 bg-none text-black-100 opacity-50 hover:text-orange-100 hover:opacity-100 undefined\\">See Product 2 - false</button>
<div data-v-e8439df9=\\"\\" class=\\"field relative\\"><label data-v-e8439df9=\\"\\" for=\\"\\" class=\\"label inline-flex items-center justify-between text-black-100 text-xs\\"><span data-v-e8439df9=\\"\\" class=\\"text-inherit font-bold\\">First Name</span>
    <!--v-if-->
  </label><input data-v-e8439df9=\\"\\" placeholder=\\"Hello\\" class=\\"uuuu input relative block w-full border-0 rounded-lg bg-transparent ring-1 ring-inset ring-grey-80 font-bold text-black-100 placeholder:text-black-100 placeholder:opacity-40 placeholder:font-bold focus:ring-1 focus:ring-inset focus:ring-orange-100\\" type=\\"text\\" name=\\"First name\\" id=\\"\\"></div>
<label data-v-e233b942=\\"\\" class=\\"label cursor-pointer relative flex items-center ring-1 ring-inset ring-grey-80 rounded-lg bg-transparent border-0 overflow-hidden hover:ring-1 hover:ring-inset hover:ring-orange-100\\" focusable=\\"\\"><input data-v-e233b942=\\"\\" class=\\"top-0 left-0 right-0 bottom-0 w-full cursor-pointer h-full m-0 opacity-0 p-0 z-[1] absolute\\" name=\\"\\" type=\\"radio\\" id=\\"\\" value=\\"Hire Me\\"><!-- contents --><span data-v-e233b942=\\"\\" class=\\"inline-flex items-center\\" aria-disabled=\\"false\\"><!-- circle --><span data-v-e233b942=\\"\\" class=\\"w-5 h-5 flex items-center justify-center ring-1 ring-inset ring-grey-80 rounded-full mr-4\\"><!-- inner circle --><span data-v-e233b942=\\"\\" class=\\"w-2.5 h-2.5 bg-orange-100 inline-block rounded-full transition scale-0\\"></span></span><!-- text --><span data-v-e233b942=\\"\\" class=\\"labelText font-bold text-black-100\\">Hire Me</span></span></label>"
`;
