// Vitest Snapshot v1

exports[`mount component 1`] = `
"<div data-v-7a7a37b1=\\"\\"><a data-v-7a7a37b1=\\"\\" href=\\"https://vitejs.dev\\" target=\\"_blank\\"><img data-v-7a7a37b1=\\"\\" src=\\"/vite.svg\\" class=\\"logo\\" alt=\\"Vite logo\\"></a><a data-v-7a7a37b1=\\"\\" href=\\"https://vuejs.org/\\" target=\\"_blank\\"><img data-v-7a7a37b1=\\"\\" src=\\"/src/assets/vue.svg\\" class=\\"logo vue\\" alt=\\"Vue logo\\"></a></div>
<h1 data-v-e17ea971=\\"\\">Vite + Vue</h1>
<div data-v-e17ea971=\\"\\" class=\\"card\\"><button data-v-e17ea971=\\"\\" type=\\"button\\">count is 0</button>
  <p data-v-e17ea971=\\"\\"> Edit <code data-v-e17ea971=\\"\\">components/HelloWorld.vue</code> to test HMR </p>
</div>
<p data-v-e17ea971=\\"\\"> Check out <a data-v-e17ea971=\\"\\" href=\\"https://vuejs.org/guide/quick-start.html#local\\" target=\\"_blank\\">create-vue</a>, the official Vue + Vite starter </p>
<p data-v-e17ea971=\\"\\"> Install <a data-v-e17ea971=\\"\\" href=\\"https://github.com/johnsoncodehk/volar\\" target=\\"_blank\\">Volar</a> in your IDE for a better DX </p>
<p data-v-e17ea971=\\"\\" class=\\"read-the-docs\\">Click on the Vite and Vue logos to learn more</p>"
`;
