// Vitest Snapshot v1

exports[`mount AppInputField component 1`] = `
"<div data-v-0eaff632=\\"\\" class=\\"field relative\\"><label data-v-0eaff632=\\"\\" for=\\"\\" class=\\"label flex items-center justify-between w-full text-black-100 text-xs\\"><span data-v-0eaff632=\\"\\" class=\\"text-inherit font-bold\\"></span>
    <!--v-if-->
  </label><input data-v-0eaff632=\\"\\" type=\\"text\\" class=\\"input relative block w-full border-0 rounded-lg bg-transparent ring-1 ring-inset ring-grey-80 font-bold text-black-100 placeholder:text-black-100 placeholder:opacity-40 placeholder:font-bold focus:ring-1 focus:ring-inset focus:ring-orange-100\\" name=\\"\\" id=\\"\\"></div>"
`;
