// Vitest Snapshot v1

exports[`mount AppNumberInput component 1`] = `"<div data-v-76105c3d=\\"\\" class=\\"field relative flex items-center justify-between bg-grey-100 border-0\\"><label data-v-76105c3d=\\"\\" for=\\"\\" class=\\"visuallyhidden\\"></label><input data-v-76105c3d=\\"\\" type=\\"number\\" class=\\"visuallyhidden\\" name=\\"\\" id=\\"\\"><button data-v-76105c3d=\\"\\" type=\\"button\\" class=\\"field__button w-4 h-[18px] inline-flex items-center justify-center rounded-full text-black-100/25 hover:text-orange-100 transition-colors font-bold cursor-not-allowed\\" disabled=\\"\\"> - </button><button data-v-76105c3d=\\"\\" role=\\"button\\" class=\\"field__button field__span inline-flex items-center justify-center w-4 h-[18px] text-black-100 font-bold\\">0</button><button data-v-76105c3d=\\"\\" type=\\"button\\" class=\\"field__button w-4 h-[18px] inline-flex items-center justify-center rounded-full text-black-100/25 hover:text-orange-100 transition-colors font-bold\\"> + </button></div>"`;
